<?xml version="1.0" encoding="utf-8"?><testsuites><testsuite name="pytest" errors="0" failures="0" skipped="0" tests="39" time="0.289" timestamp="2025-02-26T10:50:32.146009" hostname="Chiuzus-MacBook-Pro.local"><testcase classname="tests.bdd.step_definitions.test_graph_bdd" name="test_a_graph_instance_can_be_initialised_from_a_class" time="0.003" /><testcase classname="tests.bdd.step_definitions.test_queue_bdd" name="test_a_queue_object_should_be_created_from_the_queue_class" time="0.001" /><testcase classname="tests.bdd.step_definitions.test_queue_bdd" name="test_the_queue_class_should_be_able_to_enqueue_data_onto_the_created_deque" time="0.001" /><testcase classname="tests.bdd.step_definitions.test_queue_bdd" name="test_the_queue_class_should_be_able_to_dequeue_data_from_the_created_deque" time="0.001" /><testcase classname="tests.bdd.step_definitions.test_queue_bdd" name="test_the_queue_class_should_be_able_to_check_the_size_of_the_queue" time="0.001" /><testcase classname="tests.bdd.step_definitions.test_queue_bdd" name="test_the_queue_class_should_be_able_to_check_if_the_queue_is_empty" time="0.001" /><testcase classname="tests.bdd.step_definitions.test_queue_bdd" name="test_the_queue_class_should_be_able_to_check_if_the_queue_is_full" time="0.001" /><testcase classname="tests.bdd.step_definitions.test_stack_bdd" name="test_create_a_stack_object_from_a_stack_class" time="0.001" /><testcase classname="tests.bdd.step_definitions.test_stack_bdd" name="test_the_stack_class_object_should_be_able_to_push_data_onto_the_created_list" time="0.001" /><testcase classname="tests.bdd.step_definitions.test_stack_bdd" name="test_the_stack_class_should_be_able_to_pop_data_from_the_created_stack_list" time="0.001" /><testcase classname="tests.bdd.step_definitions.test_stack_bdd" name="test_the_stack_class_should_be_able_to_check_if_the_stack_is_empty" time="0.001" /><testcase classname="tests.bdd.step_definitions.test_stack_bdd" name="test_the_stack_class_should_be_able_to_check_if_the_stack_is_full" time="0.001" /><testcase classname="tests.integration_tests.test_bfs" name="test_dfs_with_stack" time="0.001" /><testcase classname="tests.integration_tests.test_dfs" name="test_dfs_with_stack" time="0.000" /><testcase classname="tests.unit_tests.test_for_graph" name="test_graph_should_be_represented_by_adjacency_list" time="0.000" /><testcase classname="tests.unit_tests.test_for_graph" name="test_add_vertex" time="0.000" /><testcase classname="tests.unit_tests.test_for_graph" name="test_add_edge" time="0.000" /><testcase classname="tests.unit_tests.test_for_queue" name="test_should_create_a_queue_object_from_queue_class" time="0.000" /><testcase classname="tests.unit_tests.test_for_queue" name="test_queue_is_initially_empty" time="0.000" /><testcase classname="tests.unit_tests.test_for_queue" name="test_queue_enqueues_correctly" time="0.000" /><testcase classname="tests.unit_tests.test_for_queue" name="test_queue_multiple_enqueues" time="0.000" /><testcase classname="tests.unit_tests.test_for_queue" name="test_queue_is_not_empty_after_enqueue" time="0.001" /><testcase classname="tests.unit_tests.test_for_queue" name="test_queue_is_full" time="0.000" /><testcase classname="tests.unit_tests.test_for_queue" name="test_enqueue_on_full_queue_raises_exception" time="0.000" /><testcase classname="tests.unit_tests.test_for_queue" name="test_dequeue_on_empty_queue_raises_exception" time="0.001" /><testcase classname="tests.unit_tests.test_for_queue" name="test_queue_is_not_full_after_dequeue" time="0.001" /><testcase classname="tests.unit_tests.test_for_queue" name="test_queue_becomes_empty_after_clearing" time="0.001" /><testcase classname="tests.unit_tests.test_for_queue" name="test_peek_operation" time="0.000" /><testcase classname="tests.unit_tests.test_for_stack" name="test_should_create_instance_of_stack_with_given_capacity" time="0.000" /><testcase classname="tests.unit_tests.test_for_stack" name="test_should_provide_capacity_only_with_int_data_type" time="0.000" /><testcase classname="tests.unit_tests.test_for_stack" name="test_should_contain_no_elements_in_created_stack_list" time="0.001" /><testcase classname="tests.unit_tests.test_for_stack" name="test_should_should_be_able_to_push_item_onto_stack_without_increasing_capacity" time="0.000" /><testcase classname="tests.unit_tests.test_for_stack" name="test_should_raise_exception_if_pushed_data_exceeds_stack_capacity" time="0.000" /><testcase classname="tests.unit_tests.test_for_stack" name="test_should_pop_the_top_most_item_from_the_stack" time="0.000" /><testcase classname="tests.unit_tests.test_for_stack" name="test_should_raise_an_exception_when_pop_operation_is_used_on_empty_list" time="0.000" /><testcase classname="tests.unit_tests.test_for_stack" name="test_should_return_true_if_stack_is_full" time="0.000" /><testcase classname="tests.unit_tests.test_for_stack" name="test_should_return_false_if_the_stack_is_not_full" time="0.000" /><testcase classname="tests.unit_tests.test_for_stack" name="test_should_return_true_if_stack_is_empty" time="0.000" /><testcase classname="tests.unit_tests.test_for_stack" name="test_should_return_false_if_stack_is_not_empty" time="0.000" /></testsuite></testsuites>